[worldride.extreme.ee/index.html]
[backblue.gif]
[fade.gif]
[index.html]
[worldride.extreme.ee/favicon.ico]
[worldride.extreme.ee/wp-content/themes/ascetica/style.css]
[worldride.extreme.ee/xmlrpc.php]
[worldride.extreme.ee/wp-content/themes/ascetica/js/fancybox/jquery.fancybox-1.3.468b3.css]
[worldride.extreme.ee/wp-content/themes/ascetica/js/flex-slider/flexslider68b3.css]
[worldride.extreme.ee/wp-content/plugins/social-essentials/style3d36.css]
[worldride.extreme.ee/xmlrpc0db0.php]
[worldride.extreme.ee/pics/weebipais3.png]
[worldride.extreme.ee/pics/20130603-140503.jpg]
[worldride.extreme.ee/pics/20130603-141630.jpg]
[worldride.extreme.ee/feed/index.html]
[worldride.extreme.ee/pics/20130603-141809.jpg]
[worldride.extreme.ee/comments/feed/index.html]
[worldride.extreme.ee/pics/20130603-145623.jpg]
[worldride.extreme.ee/2013/06/03/tehtud/index.html]
[worldride.extreme.ee/pics/20130603-142105.jpg]
[worldride.extreme.ee/author/juss/index.html]
[worldride.extreme.ee/pics/20130603-141853.jpg]
[worldride.extreme.ee/category/sissekanded/index.html]
[worldride.extreme.ee/pics/2012_-5_20_20_411.jpg]
[worldride.extreme.ee/pics/20130505-224414.jpg]
[worldride.extreme.ee/2013/05/05/viimane-etapp/index.html]
[worldride.extreme.ee/pics/photo1.jpg]
[worldride.extreme.ee/2012/09/27/ameerika/index.html]
[worldride.extreme.ee/pics/photo1-400x230.jpg]
[worldride.extreme.ee/pics/20120927-234212.jpg]
[worldride.extreme.ee/pics/20120927-233943.jpg]
[worldride.extreme.ee/pics/photo.jpg]
[worldride.extreme.ee/pics/photo-400x230.jpg]
[worldride.extreme.ee/pics/99.jpg]
[worldride.extreme.ee/pics/99-400x230.jpg]
[worldride.extreme.ee/pics/20120927-232943.jpg]
[worldride.extreme.ee/pics/20120927-233021.jpg]
[worldride.extreme.ee/pics/20120927-233058.jpg]
[worldride.extreme.ee/pics/88.jpg]
[worldride.extreme.ee/pics/88-400x230.jpg]
[worldride.extreme.ee/pics/20120916-222712.jpg]
[worldride.extreme.ee/2012/09/17/usa/index.html]
[worldride.extreme.ee/pics/20120910-103752.jpg]
[worldride.extreme.ee/2012/09/10/kanada-british-columbia/index.html]
[worldride.extreme.ee/pics/2012_-9_10_21_-11.jpg]
[worldride.extreme.ee/pics/2012_-9_10_21_-11-400x230.jpg]
[worldride.extreme.ee/pics/IMG_5008.jpg]
[worldride.extreme.ee/2012/09/08/alustasime-ameerikaga/index.html]
[worldride.extreme.ee/pics/IMG_5008-300x225.jpg]
[worldride.extreme.ee/pics/20120629-003214.jpg]
[worldride.extreme.ee/2012/06/28/seoul/index.html]
[worldride.extreme.ee/pics/20120629-002324.jpg]
[worldride.extreme.ee/2012/06/22/burjaatia-baikal-kaug-ida-jaapani-meri/index.html]
[worldride.extreme.ee/pics/20120625-031420.jpg]
[worldride.extreme.ee/pics/20120614-223302.jpg]
[worldride.extreme.ee/2012/06/13/siber-laane-sajaanid-mongoolia-gobi-korb-ulan-bator/index.html]
[worldride.extreme.ee/pics/20120605-022156.jpg]
[worldride.extreme.ee/2012/06/04/balhash-astana-pavlodar-barnaul/index.html]
[worldride.extreme.ee/pics/tyretrack2.png]
[worldride.extreme.ee/page/2/index.html]
[s.gravatar.com/js/gprofilesf64c.js]
[worldride.extreme.ee/page/5/index.html]
[worldride.extreme.ee/wp-content/plugins/jetpack/modules/wpgroho3d36.js]
[worldride.extreme.ee/location/index.html]
[worldride.extreme.ee/wp-content/themes/ascetica/js/fancybox/jquery.fancybox-1.3.4.pack5152.js]
[worldride.extreme.ee/wp-content/themes/ascetica/js/fitvids/jquery.fitvids5152.js]
[worldride.extreme.ee/category/ettevalmistussissekanded/index.html]
[worldride.extreme.ee/wp-content/themes/ascetica/js/flex-slider/jquery.flexslider-min5152.js]
[worldride.extreme.ee/category/meist/index.html]
[worldride.extreme.ee/wp-content/themes/ascetica/js/footer-scripts5152.js]
[worldride.extreme.ee/category/tanudthanks/index.html]
[worldride.extreme.ee/2013/06/index.html]
[worldride.extreme.ee/2013/05/index.html]
[apis.google.com/js/plusone3d36.js]
[worldride.extreme.ee/wp-content/plugins/social-essentials/js/FB.Share3d36.js]
[worldride.extreme.ee/2012/09/index.html]
[worldride.extreme.ee/2012/06/index.html]
[worldride.extreme.ee/2012/05/index.html]
[worldride.extreme.ee/2012/04/index.html]
[worldride.extreme.ee/2012/03/index.html]
[worldride.extreme.ee/index.html]
[worldride.extreme.ee/wp-content/themes/ascetica/images/quote.png]
[worldride.extreme.ee/wp-content/themes/ascetica/images/slider_arrows.png]
[stats.wordpress.com/e-202009.js]
[worldride.extreme.ee/wp-content/themes/ascetica/images/slider_nav.png]
[worldride.extreme.ee/wp-content/themes/ascetica/style.css]
[worldride.extreme.ee/wp-content/themes/ascetica/js/fancybox/fancybox.png]
[worldride.extreme.ee/wp-content/themes/ascetica/js/fancybox/blank.gif]
[worldride.extreme.ee/wp-content/themes/ascetica/js/fancybox/fancybox-x.png]
[worldride.extreme.ee/wp-content/themes/ascetica/js/fancybox/fancybox-y.png]
[worldride.extreme.ee/wp-content/themes/ascetica/js/fancybox/fancy_title_over.png]
[worldride.extreme.ee/wp-content/themes/ascetica/js/fancybox/jquery.fancybox-1.3.468b3.css]
[worldride.extreme.ee/wp-content/themes/ascetica/js/flex-slider/flexslider68b3.css]
[worldride.extreme.ee/wp-content/plugins/social-essentials/icons/preloader.gif]
[worldride.extreme.ee/wp-content/plugins/social-essentials/images/black_arrow_top.gif]
[worldride.extreme.ee/wp-content/plugins/social-essentials/images/black_arrow_right.gif]
[worldride.extreme.ee/wp-content/plugins/social-essentials/images/black_arrow_bottom.gif]
[worldride.extreme.ee/wp-content/plugins/social-essentials/images/black_arrow_left.gif]
[worldride.extreme.ee/wp-content/plugins/social-essentials/style3d36.css]
[worldride.extreme.ee/2013/06/03/tehtud/index.html]
[worldride.extreme.ee/author/juss/index.html]
[worldride.extreme.ee/category/sissekanded/index.html]
[worldride.extreme.ee/2013/06/03/tehtud/feed/index.html]
[worldride.extreme.ee/author/juss/page/2/index.html]
[worldride.extreme.ee/2013/05/05/viimane-etapp/index.html]
[worldride.extreme.ee/author/juss/page/4/index.html]
[worldride.extreme.ee/category/sissekanded/page/2/index.html]
[worldride.extreme.ee/2012/09/27/ameerika/index.html]
[worldride.extreme.ee/category/sissekanded/page/4/index.html]
[worldride.extreme.ee/2013/05/05/viimane-etapp/feed/index.html]
[worldride.extreme.ee/2012/09/27/ameerika/feed/index.html]
[worldride.extreme.ee/2012/09/17/usa/index.html]
[worldride.extreme.ee/pics/photo.jpg]
[worldride.extreme.ee/author/juss/feed/index.html]
[worldride.extreme.ee/category/sissekanded/feed/index.html]
[worldride.extreme.ee/2012/09/10/kanada-british-columbia/index.html]
[worldride.extreme.ee/2012/09/17/usa/feed/index.html]
[worldride.extreme.ee/2012/09/08/alustasime-ameerikaga/index.html]
[worldride.extreme.ee/2012/09/10/kanada-british-columbia/feed/index.html]
[worldride.extreme.ee/2012/09/08/alustasime-ameerikaga/feed/index.html]
[worldride.extreme.ee/2012/06/28/seoul/index.html]
[worldride.extreme.ee/pics/IMG_5008.jpg]
[worldride.extreme.ee/2012/06/22/burjaatia-baikal-kaug-ida-jaapani-meri/index.html]
[worldride.extreme.ee/2012/06/13/siber-laane-sajaanid-mongoolia-gobi-korb-ulan-bator/index.html]
[worldride.extreme.ee/2012/06/22/burjaatia-baikal-kaug-ida-jaapani-meri/feed/index.html]
[worldride.extreme.ee/2012/06/28/seoul/feed/index.html]
[worldride.extreme.ee/2012/06/13/siber-laane-sajaanid-mongoolia-gobi-korb-ulan-bator/feed/index.html]
[worldride.extreme.ee/2012/06/04/balhash-astana-pavlodar-barnaul/index.html]
[worldride.extreme.ee/pics/20120531-194329.jpg]
[worldride.extreme.ee/2012/05/31/issokul-almaty/index.html]
[worldride.extreme.ee/pics/20120531-191652.jpg]
[worldride.extreme.ee/2012/06/04/balhash-astana-pavlodar-barnaul/feed/index.html]
[worldride.extreme.ee/2012/05/30/novellike-kahest-randurmehest-ja-bandiitidest-lapsepolves-kuuldud-toestisundimata-loo-pohjal/index.html]
[worldride.extreme.ee/pics/20120530-094240.jpg]
[worldride.extreme.ee/2012/05/28/pamiir-korgostan-bishkek-tien-san-issokul/index.html]
[worldride.extreme.ee/pics/20120528-195740.jpg]
[worldride.extreme.ee/2012/05/24/kasahhi-politsei/index.html]
[worldride.extreme.ee/pics/20120523-214905.jpg]
[worldride.extreme.ee/2012/05/23/valm-kahest-ullikesest/index.html]
[worldride.extreme.ee/pics/20120522-220933.jpg]
[worldride.extreme.ee/2012/05/22/shomkent-ja-turkestan/index.html]
[worldride.extreme.ee/pics/20120520-232545.jpg]
[worldride.extreme.ee/2012/05/20/stepp/index.html]
[worldride.extreme.ee/pics/20120513-105120.jpg]
[worldride.extreme.ee/2012/05/16/esimesed-kasahstani-paevad/index.html]
[worldride.extreme.ee/pics/20120508-225232.jpg]
[worldride.extreme.ee/page/2/index.html]
[worldride.extreme.ee/author/penny/index.html]
[worldride.extreme.ee/2012/05/13/aerbaidzaan/index.html]
[worldride.extreme.ee/2012/05/08/tbilisi/index.html]
[worldride.extreme.ee/page/3/index.html]
[worldride.extreme.ee/wp-content/plugins/xml-google-maps/xmlgooglemaps_show6477.html]
[worldride.extreme.ee/2012/03/29/proovireisi-pildid/index.html]
[worldride.extreme.ee/page/5/index.html]
[worldride.extreme.ee/2012/03/28/uks-huvitav-kirjeldus-kogenud-matkajalt-neeme-kattilt-kesk-aasia-ohtude-kohta/index.html]
[worldride.extreme.ee/2012/03/27/unicef/index.html]
[worldride.extreme.ee/location/index.html]
[worldride.extreme.ee/location/feed/index.html]
[worldride.extreme.ee/page/4/index.html]
[worldride.extreme.ee/category/ettevalmistussissekanded/index.html]
[worldride.extreme.ee/pildid/index.html]
[worldride.extreme.ee/2012/04/19/morocco-liikuv-pilt/index.html]
[worldride.extreme.ee/pics/Screen-Shot-2012-03-21-at-11.49.41-AM-300x225.png]
[worldride.extreme.ee/category/ettevalmistussissekanded/feed/index.html]
[worldride.extreme.ee/2012/04/11/stardime-2-nadala-parast-start-is-in-2-weeks/index.html]
[worldride.extreme.ee/2012/04/02/aafrika-proovireis/index.html]
[worldride.extreme.ee/pics/Screen-Shot-2012-03-21-at-11.49.51-AM-300x228.png]
[worldride.extreme.ee/category/meist/feed/index.html]
[worldride.extreme.ee/2012/04/02/kontakt/index.html]
[worldride.extreme.ee/pics/Screen-Shot-2012-03-21-at-11.46.07-AM2-300x187.png]
[worldride.extreme.ee/category/meist/index.html]
[worldride.extreme.ee/2012/04/02/worldride-kirjeldus/index.html]
[worldride.extreme.ee/index4805.html]
[worldride.extreme.ee/category/tanudthanks/index.html]
[worldride.extreme.ee/indexb3a2.html]
[worldride.extreme.ee/indexaab3.html]
[worldride.extreme.ee/2013/06/index.html]
[worldride.extreme.ee/2012/03/29/meedia/index.html]
[worldride.extreme.ee/2013/05/index.html]
[worldride.extreme.ee/category/tanudthanks/feed/index.html]
[worldride.extreme.ee/2012/09/index.html]
[worldride.extreme.ee/2012/06/index.html]
[worldride.extreme.ee/2012/05/index.html]
[worldride.extreme.ee/2012/04/02/tanudthanks/index.html]
[worldride.extreme.ee/2012/05/page/2/index.html]
[worldride.extreme.ee/2012/04/30/rumeenia-kuldsed-liivad/index.html]
[worldride.extreme.ee/pics/20120430-214046.jpg]
[worldride.extreme.ee/pics/20120429-231440.jpg]
[worldride.extreme.ee/pics/20120429-231503.jpg]
[worldride.extreme.ee/2012/04/29/moldaavia-rumeenia/index.html]
[worldride.extreme.ee/pics/20120429-231516.jpg]
[worldride.extreme.ee/pics/20120428-215212.jpg]
[worldride.extreme.ee/2012/04/28/odessa/index.html]
[worldride.extreme.ee/pics/20120428-002523.jpg]
[worldride.extreme.ee/2012/04/index.html]
[worldride.extreme.ee/2012/04/28/valgevene-ja-ukraina-luhidalt/index.html]
[worldride.extreme.ee/2012/04/27/teine-paev/index.html]
[worldride.extreme.ee/2012/03/index.html]
[worldride.extreme.ee/2012/04/26/esimene-paev/index.html]
[worldride.extreme.ee/2012/04/25/minek/index.html]
[worldride.extreme.ee/2012/04/page/2/index.html]
[pixel.wp.com/g9818.gif]
[s.gravatar.com/js/gprofilesf64c.js]
[worldride.extreme.ee/wp-content/themes/ascetica/js/fancybox/fancybox/fancy_close.html]
[worldride.extreme.ee/wp-content/themes/ascetica/js/fancybox/fancybox/fancy_nav_left.html]
[worldride.extreme.ee/wp-content/themes/ascetica/js/fancybox/fancybox/fancy_nav_right.html]
[worldride.extreme.ee/wp-content/themes/ascetica/js/fancybox/fancybox/fancy_title_over.html]
[worldride.extreme.ee/wp-content/themes/ascetica/js/fancybox/fancybox/fancy_title_left.html]
[worldride.extreme.ee/wp-content/themes/ascetica/js/fancybox/fancybox/fancy_title_main.html]
[worldride.extreme.ee/wp-content/themes/ascetica/js/fancybox/fancybox/fancy_title_right.html]
[worldride.extreme.ee/wp-content/themes/ascetica/js/fancybox/fancybox/fancy_loading.html]
[worldride.extreme.ee/wp-content/themes/ascetica/js/fancybox/fancybox/fancy_shadow_n.html]
[worldride.extreme.ee/wp-content/themes/ascetica/js/fancybox/fancybox/fancy_shadow_ne.html]
[worldride.extreme.ee/wp-content/themes/ascetica/js/fancybox/fancybox/fancy_shadow_e.html]
[worldride.extreme.ee/wp-content/themes/ascetica/js/fancybox/fancybox/fancy_shadow_se.html]
[worldride.extreme.ee/wp-content/themes/ascetica/js/fancybox/fancybox/fancy_shadow_s.html]
[worldride.extreme.ee/wp-content/themes/ascetica/js/fancybox/fancybox/fancy_shadow_sw.html]
[worldride.extreme.ee/wp-content/themes/ascetica/js/fancybox/fancybox/fancy_shadow_w.html]
[worldride.extreme.ee/wp-content/themes/ascetica/js/fancybox/fancybox/fancy_shadow_nw.html]
[worldride.extreme.ee/wp-content/themes/ascetica/js/flex-slider/theme/bg_direction_nav.html]
[worldride.extreme.ee/wp-content/themes/ascetica/js/flex-slider/theme/bg_control_nav.html]
[worldride.extreme.ee/pics/20120506-222734.jpg]
[worldride.extreme.ee/2012/05/06/georgia-batumi-borjomi-otsetee/index.html]
[worldride.extreme.ee/author/juss/page/2/index.html]
[worldride.extreme.ee/author/juss/page/3/index.html]
[worldride.extreme.ee/author/juss/page/4/index.html]
[worldride.extreme.ee/category/sissekanded/page/2/index.html]
[worldride.extreme.ee/category/sissekanded/page/3/index.html]
[worldride.extreme.ee/category/sissekanded/page/4/index.html]
[worldride.extreme.ee/2012/05/31/issokul-almaty/index.html]
[worldride.extreme.ee/2012/05/30/novellike-kahest-randurmehest-ja-bandiitidest-lapsepolves-kuuldud-toestisundimata-loo-pohjal/index.html]
[worldride.extreme.ee/2012/05/28/pamiir-korgostan-bishkek-tien-san-issokul/index.html]
[worldride.extreme.ee/pics/IMG_5008.jpg]
[worldride.extreme.ee/2012/05/31/issokul-almaty/feed/index.html]
[worldride.extreme.ee/2012/05/30/novellike-kahest-randurmehest-ja-bandiitidest-lapsepolves-kuuldud-toestisundimata-loo-pohjal/feed/index.html]
[worldride.extreme.ee/2012/05/28/pamiir-korgostan-bishkek-tien-san-issokul/feed/index.html]
[worldride.extreme.ee/2012/05/24/kasahhi-politsei/index.html]
[worldride.extreme.ee/2012/05/23/valm-kahest-ullikesest/index.html]
[worldride.extreme.ee/2012/05/22/shomkent-ja-turkestan/index.html]
[worldride.extreme.ee/2012/05/24/kasahhi-politsei/feed/index.html]
[worldride.extreme.ee/2012/05/20/stepp/index.html]
[worldride.extreme.ee/2012/05/23/valm-kahest-ullikesest/feed/index.html]
[worldride.extreme.ee/2012/05/22/shomkent-ja-turkestan/feed/index.html]
[worldride.extreme.ee/2012/05/16/esimesed-kasahstani-paevad/index.html]
[worldride.extreme.ee/author/penny/index.html]
[worldride.extreme.ee/2012/05/20/stepp/feed/index.html]
[worldride.extreme.ee/2012/05/13/aerbaidzaan/index.html]
[worldride.extreme.ee/2012/05/16/esimesed-kasahstani-paevad/feed/index.html]
[worldride.extreme.ee/2012/05/08/tbilisi/index.html]
[worldride.extreme.ee/author/penny/feed/index.html]
[worldride.extreme.ee/2012/05/13/aerbaidzaan/feed/index.html]
[worldride.extreme.ee/page/1/index.html]
[worldride.extreme.ee/2012/05/08/tbilisi/feed/index.html]
[worldride.extreme.ee/pics/20120505-222424.jpg]
[worldride.extreme.ee/pics/20120504-203116.jpg]
[worldride.extreme.ee/2012/05/05/batumi/index.html]
[worldride.extreme.ee/pics/20120503-212311.jpg]
[worldride.extreme.ee/2012/05/04/pohja-turgi-magitee/index.html]
[worldride.extreme.ee/pics/20120502-201846.jpg]
[worldride.extreme.ee/2012/05/03/samsun-turgi/index.html]
[worldride.extreme.ee/pics/20120501-202157.jpg]
[worldride.extreme.ee/2012/05/02/konstantinoopol/index.html]
[worldride.extreme.ee/page/3/index.html]
[worldride.extreme.ee/2012/05/01/salatoje-peski-puhkepaev-jee/index.html]
[worldride.extreme.ee/2012/03/29/proovireisi-pildid/index.html]
[worldride.extreme.ee/2012/03/29/proovireisi-pildid/feed/index.html]
[worldride.extreme.ee/wp-content/plugins/xml-google-maps/xmlgooglemaps_googleMapsAPI.js]
[worldride.extreme.ee/wp-content/plugins/xml-google-maps/xmlgooglemaps_show6477.html]
[worldride.extreme.ee/2012/03/28/uks-huvitav-kirjeldus-kogenud-matkajalt-neeme-kattilt-kesk-aasia-ohtude-kohta/index.html]
[worldride.extreme.ee/2012/03/28/uks-huvitav-kirjeldus-kogenud-matkajalt-neeme-kattilt-kesk-aasia-ohtude-kohta/feed/index.html]
[worldride.extreme.ee/2012/03/27/unicef/index.html]
[worldride.extreme.ee/2012/03/27/unicef/feed/index.html]
[worldride.extreme.ee/page/4/index.html]
[worldride.extreme.ee/pildid/index.html]
[worldride.extreme.ee/pildid/feed/index.html]
[worldride.extreme.ee/2012/04/19/morocco-liikuv-pilt/index.html]
[worldride.extreme.ee/2012/04/19/morocco-liikuv-pilt/feed/index.html]
[worldride.extreme.ee/2012/04/11/stardime-2-nadala-parast-start-is-in-2-weeks/index.html]
[worldride.extreme.ee/2012/04/11/stardime-2-nadala-parast-start-is-in-2-weeks/feed/index.html]
[worldride.extreme.ee/2012/04/02/aafrika-proovireis/index.html]
[worldride.extreme.ee/2012/04/02/aafrika-proovireis/feed/index.html]
[worldride.extreme.ee/2012/04/02/kontakt/index.html]
[worldride.extreme.ee/2012/04/02/kontakt/feed/index.html]
[worldride.extreme.ee/2012/04/02/worldride-kirjeldus/index.html]
[worldride.extreme.ee/2012/04/02/worldride-kirjeldus/feed/index.html]
[worldride.extreme.ee/pics/Screen-Shot-2012-03-21-at-11.49.41-AM.png]
[worldride.extreme.ee/pics/20120327-150417-150x150.jpg]
[worldride.extreme.ee/pics/20120327-150458-150x150.jpg]
[worldride.extreme.ee/index1c1c.html]
[worldride.extreme.ee/index052a.html]
[worldride.extreme.ee/pics/Screen-Shot-2012-03-27-at-4.40.57-PM-150x150.png]
[worldride.extreme.ee/indexd79b.html]
[worldride.extreme.ee/pics/Screen-Shot-2012-03-21-at-11.49.51-AM-150x150.png]
[worldride.extreme.ee/pics/Screen-Shot-2012-03-21-at-11.46.07-AM1-150x150.png]
[worldride.extreme.ee/indexc4fb.html]
[worldride.extreme.ee/pics/Screen-Shot-2012-03-21-at-11.46.07-AM2-150x150.png]
[worldride.extreme.ee/pics/Screen-Shot-2012-03-28-at-12.06.29-PM-150x150.png]
[worldride.extreme.ee/index3422.html]
[worldride.extreme.ee/pics/Screen-Shot-2012-03-28-at-12.06.29-PM1-150x150.png]
[worldride.extreme.ee/index9ed8.html]
[worldride.extreme.ee/pics/Screen-Shot-2012-03-28-at-12.51.57-PM.png]
[worldride.extreme.ee/indexfcb0.html]
[worldride.extreme.ee/pics/Screen-Shot-2012-03-28-at-12.51.48-PM-150x73.png]
[worldride.extreme.ee/indexef05.html]
[worldride.extreme.ee/pics/tsiklikastile1-150x150.jpg]
[worldride.extreme.ee/indexe93f.html]
[worldride.extreme.ee/pics/weebipais-150x150.jpg]
[worldride.extreme.ee/indexa93b.html]
[worldride.extreme.ee/pics/weebipais1-150x150.jpg]
[worldride.extreme.ee/pics/lipp.png]
[worldride.extreme.ee/index8260.html]
[worldride.extreme.ee/pics/weebipais2-150x150.jpg]
[worldride.extreme.ee/pics/tyretrack-150x150.png]
[worldride.extreme.ee/pics/tyretrack-150x150.jpg]
[worldride.extreme.ee/pics/weebipais-150x150.png]
[worldride.extreme.ee/indexcbd9.html]
[worldride.extreme.ee/pics/tyretrack2-150x150.png]
[worldride.extreme.ee/pics/Screen-Shot-2012-03-28-at-7.08.57-PM-150x150.png]
[worldride.extreme.ee/pics/weebipais3-150x150.png]
[worldride.extreme.ee/index0930.html]
[worldride.extreme.ee/pics/favicon.ico]
[worldride.extreme.ee/pics/favicon1.ico]
[worldride.extreme.ee/pics/favicon2.ico]
[worldride.extreme.ee/index0c1e.html]
[worldride.extreme.ee/pics/favicon3.ico]
[worldride.extreme.ee/indexfc9e.html]
[worldride.extreme.ee/pics/20120629-002719-150x150.jpg]
[worldride.extreme.ee/index4805.html]
[worldride.extreme.ee/indexfab2.html]
[worldride.extreme.ee/indexa266.html]
[worldride.extreme.ee/index2132.html]
[worldride.extreme.ee/pics/Screen-Shot-2012-03-21-at-11.49.51-AM.png]
[worldride.extreme.ee/index48aa.html]
[worldride.extreme.ee/pics/Screen-Shot-2012-03-21-at-11.49.41-AM-150x150.png]
[worldride.extreme.ee/indexb3a2.html]
[worldride.extreme.ee/index3963.html]
[worldride.extreme.ee/indexbaf7.html]
[worldride.extreme.ee/index154d.html]
[worldride.extreme.ee/pics/Screen-Shot-2012-03-21-at-11.46.07-AM2.png]
[worldride.extreme.ee/indexaab3.html]
[worldride.extreme.ee/index2216.html]
[worldride.extreme.ee/index3bb5.html]
[worldride.extreme.ee/2012/03/29/meedia/index.html]
[worldride.extreme.ee/2012/04/02/tanudthanks/index.html]
[worldride.extreme.ee/2012/03/29/meedia/feed/index.html]
[worldride.extreme.ee/2012/04/02/tanudthanks/feed/index.html]
[worldride.extreme.ee/2012/05/page/2/index.html]
[worldride.extreme.ee/2012/04/30/rumeenia-kuldsed-liivad/index.html]
[worldride.extreme.ee/2012/04/30/rumeenia-kuldsed-liivad/feed/index.html]
[worldride.extreme.ee/2012/04/29/moldaavia-rumeenia/index.html]
[worldride.extreme.ee/2012/04/29/moldaavia-rumeenia/feed/index.html]
[worldride.extreme.ee/2012/04/28/odessa/index.html]
[worldride.extreme.ee/2012/04/28/odessa/feed/index.html]
[worldride.extreme.ee/2012/04/28/valgevene-ja-ukraina-luhidalt/index.html]
[worldride.extreme.ee/2012/04/28/valgevene-ja-ukraina-luhidalt/feed/index.html]
[worldride.extreme.ee/2012/04/27/teine-paev/index.html]
[worldride.extreme.ee/2012/04/27/teine-paev/feed/index.html]
[worldride.extreme.ee/2012/04/26/esimene-paev/index.html]
[worldride.extreme.ee/2012/04/26/esimene-paev/feed/index.html]
[worldride.extreme.ee/2012/04/25/minek/index.html]
[worldride.extreme.ee/2012/04/25/minek/feed/index.html]
[worldride.extreme.ee/2012/04/page/2/index.html]
[worldride.extreme.ee/ABCDEFGHIJKLMNOPQRSTUVWXYZabcdefghijklmnopqrstuvwxyz0123456789+/index.html]
[worldride.extreme.ee/2012/05/06/georgia-batumi-borjomi-otsetee/index.html]
[worldride.extreme.ee/2012/05/06/georgia-batumi-borjomi-otsetee/feed/index.html]
[worldride.extreme.ee/author/juss/page/1/index.html]
[worldride.extreme.ee/author/juss/page/3/index.html]
[worldride.extreme.ee/category/sissekanded/page/1/index.html]
[worldride.extreme.ee/category/sissekanded/page/3/index.html]
[worldride.extreme.ee/2012/05/05/batumi/index.html]
[worldride.extreme.ee/2012/05/05/batumi/feed/index.html]
[worldride.extreme.ee/2012/05/04/pohja-turgi-magitee/index.html]
[worldride.extreme.ee/2012/05/04/pohja-turgi-magitee/feed/index.html]
[worldride.extreme.ee/2012/05/03/samsun-turgi/index.html]
[worldride.extreme.ee/2012/05/03/samsun-turgi/feed/index.html]
[worldride.extreme.ee/2012/05/02/konstantinoopol/index.html]
[worldride.extreme.ee/2012/05/02/konstantinoopol/feed/index.html]
[worldride.extreme.ee/2012/05/01/salatoje-peski-puhkepaev-jee/index.html]
[worldride.extreme.ee/2012/05/01/salatoje-peski-puhkepaev-jee/feed/index.html]
[worldride.extreme.ee/index3ad3.html]
[worldride.extreme.ee/pics/Screen-Shot-2012-03-21-at-11.49.41-AM.png]
[worldride.extreme.ee/pics/20120327-150417.jpg]
[worldride.extreme.ee/index1c1c.html]
[worldride.extreme.ee/pics/20120327-150458.jpg]
[worldride.extreme.ee/index052a.html]
[worldride.extreme.ee/pics/Screen-Shot-2012-03-27-at-4.40.57-PM.png]
[worldride.extreme.ee/indexd79b.html]
[worldride.extreme.ee/pics/Screen-Shot-2012-03-21-at-11.46.07-AM1.png]
[worldride.extreme.ee/indexc4fb.html]
[worldride.extreme.ee/pics/Screen-Shot-2012-03-28-at-12.06.29-PM.png]
[worldride.extreme.ee/index3422.html]
[worldride.extreme.ee/pics/Screen-Shot-2012-03-28-at-12.06.29-PM1.png]
[worldride.extreme.ee/index9ed8.html]
[worldride.extreme.ee/indexfcb0.html]
[worldride.extreme.ee/pics/Screen-Shot-2012-03-28-at-12.51.48-PM.png]
[worldride.extreme.ee/indexef05.html]
[worldride.extreme.ee/pics/tsiklikastile1.jpg]
[worldride.extreme.ee/indexe93f.html]
[worldride.extreme.ee/pics/weebipais.jpg]
[worldride.extreme.ee/indexa93b.html]
[worldride.extreme.ee/pics/weebipais1.jpg]
[worldride.extreme.ee/index8260.html]
[worldride.extreme.ee/indexcbd9.html]
[worldride.extreme.ee/pics/weebipais2.jpg]
[worldride.extreme.ee/index0930.html]
[worldride.extreme.ee/pics/tyretrack-e1332945580287.png]
[worldride.extreme.ee/index0c1e.html]
[worldride.extreme.ee/pics/tyretrack.jpg]
[worldride.extreme.ee/indexfc9e.html]
[worldride.extreme.ee/pics/weebipais.png]
[worldride.extreme.ee/indexfab2.html]
[worldride.extreme.ee/indexa266.html]
[worldride.extreme.ee/pics/Screen-Shot-2012-03-28-at-7.08.57-PM.png]
[worldride.extreme.ee/index2132.html]
[worldride.extreme.ee/index48aa.html]
[worldride.extreme.ee/index3963.html]
[worldride.extreme.ee/indexbaf7.html]
[worldride.extreme.ee/index154d.html]
[worldride.extreme.ee/index2216.html]
[worldride.extreme.ee/pics/20120629-002719.jpg]
[worldride.extreme.ee/index3bb5.html]
[worldride.extreme.ee/index00e4.html]
[worldride.extreme.ee/pics/Screen-Shot-2012-03-21-at-11.49.51-AM.png]
[worldride.extreme.ee/index1417.html]
[worldride.extreme.ee/2012/05/page/1/index.html]
[worldride.extreme.ee/2012/04/page/1/index.html]
[worldride.extreme.ee/index738c.html]
[worldride.extreme.ee/index8d1f.html]
[worldride.extreme.ee/pics/20120327-150458.jpg]
[worldride.extreme.ee/index8cce.html]
[worldride.extreme.ee/index5642.html]
[worldride.extreme.ee/indexf66b.html]
[worldride.extreme.ee/index0f3a.html]
[worldride.extreme.ee/index8602.html]
[worldride.extreme.ee/indexc47e.html]
[worldride.extreme.ee/index723b.html]
[worldride.extreme.ee/pics/tsiklikastile1.jpg]
[worldride.extreme.ee/index24c8.html]
[worldride.extreme.ee/pics/weebipais.jpg]
[worldride.extreme.ee/index0003.html]
[worldride.extreme.ee/pics/weebipais1.jpg]
[worldride.extreme.ee/index4d77.html]
[worldride.extreme.ee/index86b0.html]
[worldride.extreme.ee/pics/weebipais2.jpg]
[worldride.extreme.ee/index76ca.html]
[worldride.extreme.ee/index9741.html]
[worldride.extreme.ee/indexa6ae.html]
[worldride.extreme.ee/indexec11.html]
[worldride.extreme.ee/index6a86.html]
[worldride.extreme.ee/index6cb6.html]
[worldride.extreme.ee/indexd737.html]
[worldride.extreme.ee/index409d.html]
[worldride.extreme.ee/indexa2cf.html]
[worldride.extreme.ee/index5581.html]
[worldride.extreme.ee/index1847.html]
[worldride.extreme.ee/pics/tyretrack.jpg]
